[  402197ms] [ERROR] Failed to load resource: the server responded with a status of 404 (Not Found) @ http://localhost:55030/portfolio/covers/dsa-case-law-tracker-720.webp:0
[  402198ms] [ERROR] Failed to load resource: the server responded with a status of 404 (Not Found) @ http://localhost:55030/portfolio/covers/droneatlas-720.webp:0
[  402199ms] [ERROR] Failed to load resource: the server responded with a status of 404 (Not Found) @ http://localhost:55030/portfolio/covers/ajax-visual-intelligence-720.webp:0
[  402205ms] [ERROR] Failed to load resource: the server responded with a status of 404 (Not Found) @ http://localhost:55030/portfolio/covers/data-storytelling-720.webp:0
[  402207ms] [ERROR] Failed to load resource: the server responded with a status of 404 (Not Found) @ http://localhost:55030/portfolio/covers/nlesc-portfolio-720.webp:0
[  402208ms] [ERROR] Failed to load resource: the server responded with a status of 404 (Not Found) @ http://localhost:55030/portfolio/covers/plan-eo-720.webp:0
[  402446ms] [ERROR] Failed to load resource: the server responded with a status of 404 (Not Found) @ http://localhost:55030/portfolio/covers/dsa-case-law-tracker-960.webp:0
[  402448ms] [ERROR] Failed to load resource: the server responded with a status of 404 (Not Found) @ http://localhost:55030/portfolio/covers/droneatlas-960.webp:0
[  402449ms] [ERROR] Failed to load resource: the server responded with a status of 404 (Not Found) @ http://localhost:55030/portfolio/covers/ajax-visual-intelligence-960.webp:0
[  402450ms] [ERROR] Failed to load resource: the server responded with a status of 404 (Not Found) @ http://localhost:55030/portfolio/covers/data-storytelling-960.webp:0
[  402452ms] [ERROR] Failed to load resource: the server responded with a status of 404 (Not Found) @ http://localhost:55030/portfolio/covers/nlesc-portfolio-960.webp:0
[  402453ms] [ERROR] Failed to load resource: the server responded with a status of 404 (Not Found) @ http://localhost:55030/portfolio/covers/plan-eo-960.webp:0
[  402454ms] [ERROR] Failed to load resource: the server responded with a status of 404 (Not Found) @ http://localhost:55030/portfolio/covers/collaite-960.webp:0
[  402455ms] [ERROR] Failed to load resource: the server responded with a status of 404 (Not Found) @ http://localhost:55030/portfolio/covers/smartplay-960.webp:0
[  402456ms] [ERROR] Failed to load resource: the server responded with a status of 404 (Not Found) @ http://localhost:55030/portfolio/covers/faivor-960.webp:0
[  402458ms] [ERROR] Failed to load resource: the server responded with a status of 404 (Not Found) @ http://localhost:55030/portfolio/covers/ruisdael-observatory-960.webp:0
[  402459ms] [ERROR] Failed to load resource: the server responded with a status of 404 (Not Found) @ http://localhost:55030/portfolio/covers/carbon-budget-explorer-960.webp:0
[  402460ms] [ERROR] Failed to load resource: the server responded with a status of 404 (Not Found) @ http://localhost:55030/portfolio/covers/notidian-960.webp:0
[  402461ms] [ERROR] Failed to load resource: the server responded with a status of 404 (Not Found) @ http://localhost:55030/portfolio/covers/ideasdiamond-960.webp:0
[  402462ms] [ERROR] Failed to load resource: the server responded with a status of 404 (Not Found) @ http://localhost:55030/portfolio/covers/via-appia-960.webp:0
[  402463ms] [ERROR] Failed to load resource: the server responded with a status of 404 (Not Found) @ http://localhost:55030/portfolio/covers/fedmix-clinical-viewer-960.webp:0
[  402464ms] [ERROR] Failed to load resource: the server responded with a status of 404 (Not Found) @ http://localhost:55030/portfolio/covers/nl-rse-960.webp:0
[  402465ms] [ERROR] Failed to load resource: the server responded with a status of 404 (Not Found) @ http://localhost:55030/portfolio/covers/receipt-960.webp:0
[  402466ms] [ERROR] Failed to load resource: the server responded with a status of 404 (Not Found) @ http://localhost:55030/portfolio/covers/mistergreen-960.webp:0
[  402467ms] [ERROR] Failed to load resource: the server responded with a status of 404 (Not Found) @ http://localhost:55030/portfolio/covers/focusdiamond-960.webp:0
[  402468ms] [ERROR] Failed to load resource: the server responded with a status of 404 (Not Found) @ http://localhost:55030/portfolio/covers/pioneering-pwa-960.webp:0
[  402468ms] [ERROR] Failed to load resource: the server responded with a status of 404 (Not Found) @ http://localhost:55030/portfolio/covers/illustrated-portfolio-960.webp:0
[  402469ms] [ERROR] Failed to load resource: the server responded with a status of 404 (Not Found) @ http://localhost:55030/portfolio/covers/leaplearn-960.webp:0
[  403075ms] [ERROR] Failed to load resource: the server responded with a status of 404 (Not Found) @ http://localhost:55030/portfolio/covers/collaite-720.webp:0
[  403075ms] [ERROR] Failed to load resource: the server responded with a status of 404 (Not Found) @ http://localhost:55030/portfolio/covers/smartplay-720.webp:0
[  710714ms] [ERROR] Failed to load resource: the server responded with a status of 404 (Not Found) @ http://localhost:55030/portfolio/covers/dsa-case-law-tracker-720.webp:0
[  710723ms] [ERROR] Failed to load resource: the server responded with a status of 404 (Not Found) @ http://localhost:55030/portfolio/covers/droneatlas-720.webp:0
[  710724ms] [ERROR] Failed to load resource: the server responded with a status of 404 (Not Found) @ http://localhost:55030/portfolio/covers/ajax-visual-intelligence-720.webp:0
[  710724ms] [ERROR] Failed to load resource: the server responded with a status of 404 (Not Found) @ http://localhost:55030/portfolio/covers/data-storytelling-720.webp:0
[  710724ms] [ERROR] Failed to load resource: the server responded with a status of 404 (Not Found) @ http://localhost:55030/portfolio/covers/nlesc-portfolio-720.webp:0
[  710724ms] [ERROR] Failed to load resource: the server responded with a status of 404 (Not Found) @ http://localhost:55030/portfolio/covers/plan-eo-720.webp:0
[  710725ms] [ERROR] Failed to load resource: the server responded with a status of 404 (Not Found) @ http://localhost:55030/portfolio/covers/collaite-720.webp:0
[  710725ms] [ERROR] Failed to load resource: the server responded with a status of 404 (Not Found) @ http://localhost:55030/portfolio/covers/smartplay-720.webp:0
[  710764ms] [ERROR] Failed to load resource: the server responded with a status of 404 (Not Found) @ http://localhost:55030/portfolio/covers/dsa-case-law-tracker-960.webp:0
[  710766ms] [ERROR] Failed to load resource: the server responded with a status of 404 (Not Found) @ http://localhost:55030/portfolio/covers/droneatlas-960.webp:0
[  710767ms] [ERROR] Failed to load resource: the server responded with a status of 404 (Not Found) @ http://localhost:55030/portfolio/covers/ajax-visual-intelligence-960.webp:0
[  710769ms] [ERROR] Failed to load resource: the server responded with a status of 404 (Not Found) @ http://localhost:55030/portfolio/covers/data-storytelling-960.webp:0
[  710770ms] [ERROR] Failed to load resource: the server responded with a status of 404 (Not Found) @ http://localhost:55030/portfolio/covers/nlesc-portfolio-960.webp:0
[  710771ms] [ERROR] Failed to load resource: the server responded with a status of 404 (Not Found) @ http://localhost:55030/portfolio/covers/plan-eo-960.webp:0
[  710772ms] [ERROR] Failed to load resource: the server responded with a status of 404 (Not Found) @ http://localhost:55030/portfolio/covers/collaite-960.webp:0
[  710773ms] [ERROR] Failed to load resource: the server responded with a status of 404 (Not Found) @ http://localhost:55030/portfolio/covers/smartplay-960.webp:0
[  710774ms] [ERROR] Failed to load resource: the server responded with a status of 404 (Not Found) @ http://localhost:55030/portfolio/covers/faivor-960.webp:0
[  710776ms] [ERROR] Failed to load resource: the server responded with a status of 404 (Not Found) @ http://localhost:55030/portfolio/covers/ruisdael-observatory-960.webp:0
[  710777ms] [ERROR] Failed to load resource: the server responded with a status of 404 (Not Found) @ http://localhost:55030/portfolio/covers/carbon-budget-explorer-960.webp:0
[  710778ms] [ERROR] Failed to load resource: the server responded with a status of 404 (Not Found) @ http://localhost:55030/portfolio/covers/notidian-960.webp:0
[  710779ms] [ERROR] Failed to load resource: the server responded with a status of 404 (Not Found) @ http://localhost:55030/portfolio/covers/ideasdiamond-960.webp:0
[  710780ms] [ERROR] Failed to load resource: the server responded with a status of 404 (Not Found) @ http://localhost:55030/portfolio/covers/via-appia-960.webp:0
[  710781ms] [ERROR] Failed to load resource: the server responded with a status of 404 (Not Found) @ http://localhost:55030/portfolio/covers/fedmix-clinical-viewer-960.webp:0
[  710782ms] [ERROR] Failed to load resource: the server responded with a status of 404 (Not Found) @ http://localhost:55030/portfolio/covers/nl-rse-960.webp:0
[  710783ms] [ERROR] Failed to load resource: the server responded with a status of 404 (Not Found) @ http://localhost:55030/portfolio/covers/receipt-960.webp:0
[  710784ms] [ERROR] Failed to load resource: the server responded with a status of 404 (Not Found) @ http://localhost:55030/portfolio/covers/mistergreen-960.webp:0
[  710785ms] [ERROR] Failed to load resource: the server responded with a status of 404 (Not Found) @ http://localhost:55030/portfolio/covers/focusdiamond-960.webp:0
[  710787ms] [ERROR] Failed to load resource: the server responded with a status of 404 (Not Found) @ http://localhost:55030/portfolio/covers/pioneering-pwa-960.webp:0
[  710788ms] [ERROR] Failed to load resource: the server responded with a status of 404 (Not Found) @ http://localhost:55030/portfolio/covers/illustrated-portfolio-960.webp:0
[  710789ms] [ERROR] Failed to load resource: the server responded with a status of 404 (Not Found) @ http://localhost:55030/portfolio/covers/leaplearn-960.webp:0
